()
(a b c)
(testing this)
(foo (bar ((baz faz)) hello) cool world)
(1 2 3 (4 5 6) qwerty foo)
