1/2
1/10
1/2
3/4
-1/2
-4/5
1
11/6
-1/6
11/3
1
-2
1/9
-1
-1/5
1
4
1/2
