"Hello, world"
#t
5
#f
"testing this"
"testing"
"testing\"this \\"
"\\\\\"\"\\"
"abc\\d"
